Output: '{"timestamp":"2025-08-18T14:29:50.421224783+02:00","level":"info","message":"message 0"}
{"timestamp":"2025-08-18T14:29:50.421225965+02:00","level":"info","message":"message 1"}
{"timestamp":"2025-08-18T14:29:50.421226747+02:00","level":"info","message":"message 2"}
{"timestamp":"2025-08-18T14:29:50.421227328+02:00","level":"info","message":"message 3"}
{"timestamp":"2025-08-18T14:29:50.421227989+02:00","level":"info","message":"message 4"}
'
Valid lines count: 5
Line 0: {"timestamp":"2025-08-18T14:29:50.421224783+02:00","level":"info","message":"message 0"}
Line 1: {"timestamp":"2025-08-18T14:29:50.421225965+02:00","level":"info","message":"message 1"}
Line 2: {"timestamp":"2025-08-18T14:29:50.421226747+02:00","level":"info","message":"message 2"}
